// Vitest Snapshot v1, https://vitest.dev/guide/snapshot.html

exports[`filterFormResponse > renders the correct output 1`] = `
{
  "classification": null,
  "components": [
    {
      "components": [
        {
          "description": "",
          "input": true,
          "key": "textField1",
          "label": "Text Field",
          "type": "textfield",
          "validate": {
            "json": null,
            "required": false,
          },
        },
        {
          "autoExpand": false,
          "description": "",
          "input": true,
          "key": "textArea1",
          "label": "Text Area",
          "maxCharCount": null,
          "type": "textarea",
          "validate": {
            "json": null,
            "required": false,
          },
        },
        {
          "description": "",
          "input": true,
          "key": "selectBoxes",
          "label": "Select Boxes",
          "type": "selectboxes",
          "validate": {
            "json": null,
            "required": false,
          },
          "values": [
            {
              "label": "One",
              "position": 1,
              "value": "one",
            },
            {
              "label": "Two",
              "position": 2,
              "value": "two",
            },
          ],
        },
        {
          "data": {
            "custom": "",
            "json": "",
            "resource": "",
            "url": "",
            "values": [
              {
                "label": "One",
                "value": "one",
              },
              {
                "label": "Two",
                "value": "two",
              },
            ],
          },
          "description": "",
          "input": true,
          "key": "select",
          "label": "Select",
          "placeholder": "",
          "type": "select",
          "validate": {
            "required": false,
          },
          "widget": "html5",
        },
        {
          "description": "",
          "input": true,
          "key": "radio",
          "label": "Radio",
          "type": "radio",
          "validate": {
            "required": false,
          },
          "values": [
            {
              "label": "One",
              "value": "one",
            },
            {
              "label": "Two",
              "value": "two",
            },
          ],
        },
      ],
      "input": false,
      "key": "page1",
      "label": "Page 1",
      "title": "Page 1",
      "type": "panel",
    },
    {
      "components": [
        {
          "description": "Description",
          "input": true,
          "key": "textField2",
          "label": "Text Field",
          "type": "textfield",
          "validate": {
            "json": {
              "==": [
                {
                  "var": "text",
                },
                "Bob",
              ],
            },
            "required": true,
          },
        },
        {
          "autoExpand": true,
          "description": "Description",
          "input": true,
          "key": "textArea2",
          "label": "Text Area",
          "maxCharCount": "80",
          "type": "textarea",
          "validate": {
            "json": {
              "==": [
                {
                  "var": "text",
                },
                "Bob",
              ],
            },
            "required": true,
          },
        },
        {
          "description": "Description",
          "input": true,
          "key": "selectBoxes1",
          "label": "Select Boxes",
          "type": "selectboxes",
          "validate": {
            "json": {
              "==": [
                {
                  "var": "text",
                },
                "Bob",
              ],
            },
            "required": true,
          },
          "values": [
            {
              "label": "One",
              "value": "one",
            },
            {
              "label": "Two",
              "value": "two",
            },
          ],
        },
        {
          "data": {
            "custom": "",
            "json": "",
            "resource": "",
            "url": "",
            "values": [
              {
                "label": "One",
                "value": "one",
              },
              {
                "label": "Two",
                "value": "two",
              },
            ],
          },
          "description": "Description",
          "input": true,
          "key": "select1",
          "label": "Select",
          "placeholder": "Placeholder",
          "type": "select",
          "validate": {
            "json": {
              "==": [
                {
                  "var": "text",
                },
                "Bob",
              ],
            },
            "required": true,
          },
          "widget": "html5",
        },
        {
          "description": "Description",
          "input": true,
          "key": "radio1",
          "label": "Radio",
          "type": "radio",
          "validate": {
            "json": {
              "==": [
                {
                  "var": "text",
                },
                "Bob",
              ],
            },
            "required": true,
          },
          "values": [
            {
              "label": "One",
              "value": "one",
            },
            {
              "label": "Two",
              "value": "two",
            },
          ],
        },
      ],
      "input": false,
      "key": "page2",
      "label": "Page 2",
      "title": "Page 2",
      "type": "panel",
    },
  ],
  "display": "wizard",
  "title": "Test title",
}
`;
